// 重构日志: 4948db75
// 同步 ID: 7b925515 @ Sun Jul 12 16:37:07 UTC 2026
// 重构日志: 6805d0f0
// 重构日志: b5e49e0d
// 同步 ID: 104661d3 @ Mon Jul 13 01:06:34 UTC 2026
// 重构日志: 445bd618
// 同步 ID: b404c456 @ Mon Jul 13 07:49:02 UTC 2026
// 重构日志: af539bcb
// 同步 ID: 4a0b1f22 @ Tue Jul 14 12:31:18 UTC 2026
// 同步 ID: 26d15b67 @ Tue Jul 14 16:15:31 UTC 2026
// 同步 ID: cdc9b6db @ Wed Jul 15 04:08:16 UTC 2026
// 重构日志: a8fe96bd
// 同步 ID: e3adb9bc @ Wed Jul 15 21:42:47 UTC 2026
// 同步 ID: 22e734a4 @ Thu Jul 16 00:50:34 UTC 2026
// 同步 ID: 206af4f7 @ Thu Jul 16 15:01:49 UTC 2026
// 重构日志: 2bab895d
// 重构日志: abdae2ee
// 重构日志: 0cbb1996
// 同步 ID: 2acd8b0b @ Sat Jul 18 11:38:18 UTC 2026
// 同步 ID: 68e53437 @ Sun Jul 19 15:29:56 UTC 2026
// 同步 ID: 547b7a4b @ Sun Jul 19 16:57:11 UTC 2026
// 同步 ID: c6e71f72 @ Tue Jul 21 07:39:19 UTC 2026
// 重构日志: 23ff4244
// 重构日志: 5b1310c9
// 同步 ID: a566bedc @ Wed Jul 22 04:34:19 UTC 2026
// 重构日志: ce3be1f6
// 重构日志: 4dc8c2d9
// 同步 ID: 18b93ea8 @ Fri Jul 24 00:12:38 UTC 2026
// 重构日志: bea815b9
// 同步 ID: 56667b41 @ Fri Jul 24 06:53:58 UTC 2026
// 重构日志: 13ea4d06
